// Jest Snapshot v1, https://goo.gl/fbAQLP

exports[`StoreItem renders correctly 1`] = `
<div
  className="sc-bdVaJa kDnqCF"
>
   
  <div
    className="sc-bdVaJa kDnqCF"
  >
    <div
      className="sc-jTzLTM cEizhB"
    >
      <h2
        className="sc-VigVT gvySff"
      >
        title
      </h2>
      <p>
        description
      </p>
      <button
        className="sc-iwsKbI exmtif"
        onClick={[Function]}
      >
        Install
      </button>
    </div>
  </div>
   
</div>
`;
