// Jest Snapshot v1, https://goo.gl/fbAQLP

exports[`StoreItem renders correctly 1`] = `
<div
  className="sc-bdVaJa kDnqCF"
>
  <div
    className="sc-iwsKbI lhbiTu"
  >
    <h2
      className="sc-dnqmqq hrMvoW"
    >
      title
    </h2>
    <p>
      description
    </p>
    <button
      className="sc-bZQynM cEiCWc"
      onClick={[Function]}
    >
      Install
    </button>
  </div>
</div>
`;
