// Jest Snapshot v1, https://goo.gl/fbAQLP

exports[`StoreItemList renders correctly with items 1`] = `
<div
  className="sc-bdVaJa kDnqCF"
>
  <div>
    <div
      className="sc-iwsKbI lhbiTu"
    >
      <h2
        className="sc-dnqmqq hrMvoW"
      >
        one
      </h2>
      <p>
        desc_one
      </p>
      <button
        className="sc-bZQynM cEiCWc"
        onClick={[Function]}
      >
        Install
      </button>
    </div>
    <div
      className="sc-iwsKbI lhbiTu"
    >
      <h2
        className="sc-dnqmqq hrMvoW"
      >
        two
      </h2>
      <p>
        desc_two
      </p>
      <button
        className="sc-bZQynM cEiCWc"
        onClick={[Function]}
      >
        Install
      </button>
    </div>
  </div>
</div>
`;

exports[`StoreItemList renders correctly with no items 1`] = `
<div
  className="sc-bdVaJa kDnqCF"
>
  <div />
</div>
`;
